// Jest Snapshot v1, https://goo.gl/fbAQLP

exports[`Pruebas en <PrimeraApp /> Debe de mostrar <PrimerApp/> correctamente 1`] = `
<Fragment>
  <h1>
    Hola soy tu papi
  </h1>
  <p>
    SUBTITULO
  </p>
</Fragment>
`;
